0000  07                         IN 
0001  42                  00     POP ax
0003  10    0a 00 00 00          CALL 10
0008  08                         OUT 
0009  00                         HLT 
000a  41                  00     PUSH ax
000c  21    00 00 00 00          PUSH 0
0011  0c    63 00 00 00          JB 99
0016  41                  00     PUSH ax
0018  21    00 00 00 00          PUSH 0
001d  0e    59 00 00 00          JE 89
0022  41                  00     PUSH ax
0024  21    01 00 00 00          PUSH 1
0029  0e    59 00 00 00          JE 89
002e  21    01 00 00 00          PUSH 1
0033  42                  03     POP dx
0035  41                  03     PUSH dx
0037  41                  00     PUSH ax
0039  05                         MUL 
003a  42                  03     POP dx
003c  41                  00     PUSH ax
003e  21    01 00 00 00          PUSH 1
0043  04                         SUB 
0044  42                  00     POP ax
0046  41                  00     PUSH ax
0048  21    01 00 00 00          PUSH 1
004d  0f    35 00 00 00          JNE 53
0052  42                  01     POP bx
0054  41                  03     PUSH dx
0056  41                  01     PUSH bx
0058  11                         RET 
0059  42                  01     POP bx
005b  21    01 00 00 00          PUSH 1
0060  41                  01     PUSH bx
0062  11                         RET 
0063  21    9a 02 00 00          PUSH 666
0068  08                         OUT 
0069  00                         HLT 
